---
source: src/asm/parser/mod.rs
expression: snapshot_parsing(contents).unwrap()
---
.entry main
       ^^^^ Identifier("main")

loadint %0 123
loadint %1 321
^^^^^^^^^^^^^^^ Text { label: None, opcode: LoadInt(0, 0, 123), span: Span { row_start: 1, row_end: 2, col_start: 0, col_end: 15, byte_start: 13, byte_end: 28 } }
add %0 %0 %1
^^^^^^^^^^^^^^^ Text { label: None, opcode: LoadInt(1, 1, 65), span: Span { row_start: 2, row_end: 3, col_start: 0, col_end: 15, byte_start: 28, byte_end: 43 } }
hult
^^^^^^^^^^^^^ Text { label: None, opcode: Add(0, 0, 1), span: Span { row_start: 3, row_end: 4, col_start: 0, col_end: 13, byte_start: 43, byte_end: 56 } }
