---
source: src/asm/lexer/mod.rs
expression: snapshot_lexing(contents)
---
.entry main
^ Token { kind: Period, span: Span { row_start: 0, row_end: 0, col_start: 0, col_end: 1, byte_start: 0, byte_end: 1 } }
 ^^^^^ Token { kind: Identifier("entry"), span: Span { row_start: 0, row_end: 0, col_start: 1, col_end: 6, byte_start: 1, byte_end: 6 } }
       ^^^^ Token { kind: Identifier("main"), span: Span { row_start: 0, row_end: 0, col_start: 7, col_end: 11, byte_start: 7, byte_end: 11 } }
           ^ Token { kind: Delimiter, span: Span { row_start: 0, row_end: 0, col_start: 11, col_end: 12, byte_start: 11, byte_end: 12 } }

^ Token { kind: Delimiter, span: Span { row_start: 0, row_end: 1, col_start: 0, col_end: 1, byte_start: 12, byte_end: 13 } }
main:
^^^^ Token { kind: Identifier("main"), span: Span { row_start: 1, row_end: 2, col_start: 0, col_end: 4, byte_start: 13, byte_end: 17 } }
    ^ Token { kind: Colon, span: Span { row_start: 2, row_end: 2, col_start: 4, col_end: 5, byte_start: 17, byte_end: 18 } }
     ^ Token { kind: Delimiter, span: Span { row_start: 2, row_end: 2, col_start: 5, col_end: 6, byte_start: 18, byte_end: 19 } }
  load[u32] %0 123
  ^^^^ Token { kind: KeywordLoad, span: Span { row_start: 3, row_end: 3, col_start: 2, col_end: 6, byte_start: 21, byte_end: 25 } }
      ^ Token { kind: LeftBracket, span: Span { row_start: 3, row_end: 3, col_start: 6, col_end: 7, byte_start: 25, byte_end: 26 } }
       ^^^ Token { kind: Identifier("u32"), span: Span { row_start: 3, row_end: 3, col_start: 7, col_end: 10, byte_start: 26, byte_end: 29 } }
          ^ Token { kind: RightBracket, span: Span { row_start: 3, row_end: 3, col_start: 10, col_end: 11, byte_start: 29, byte_end: 30 } }
            ^ Token { kind: PercentSign, span: Span { row_start: 3, row_end: 3, col_start: 12, col_end: 13, byte_start: 31, byte_end: 32 } }
             ^ Token { kind: Number(0), span: Span { row_start: 3, row_end: 3, col_start: 13, col_end: 14, byte_start: 32, byte_end: 33 } }
               ^^^ Token { kind: Number(123), span: Span { row_start: 3, row_end: 3, col_start: 15, col_end: 18, byte_start: 34, byte_end: 37 } }
                  ^ Token { kind: Delimiter, span: Span { row_start: 3, row_end: 3, col_start: 18, col_end: 19, byte_start: 37, byte_end: 38 } }
  load[u32] %1 321
  ^^^^ Token { kind: KeywordLoad, span: Span { row_start: 4, row_end: 4, col_start: 2, col_end: 6, byte_start: 40, byte_end: 44 } }
      ^ Token { kind: LeftBracket, span: Span { row_start: 4, row_end: 4, col_start: 6, col_end: 7, byte_start: 44, byte_end: 45 } }
       ^^^ Token { kind: Identifier("u32"), span: Span { row_start: 4, row_end: 4, col_start: 7, col_end: 10, byte_start: 45, byte_end: 48 } }
          ^ Token { kind: RightBracket, span: Span { row_start: 4, row_end: 4, col_start: 10, col_end: 11, byte_start: 48, byte_end: 49 } }
            ^ Token { kind: PercentSign, span: Span { row_start: 4, row_end: 4, col_start: 12, col_end: 13, byte_start: 50, byte_end: 51 } }
             ^ Token { kind: Number(1), span: Span { row_start: 4, row_end: 4, col_start: 13, col_end: 14, byte_start: 51, byte_end: 52 } }
               ^^^ Token { kind: Number(321), span: Span { row_start: 4, row_end: 4, col_start: 15, col_end: 18, byte_start: 53, byte_end: 56 } }
                  ^ Token { kind: Delimiter, span: Span { row_start: 4, row_end: 4, col_start: 18, col_end: 19, byte_start: 56, byte_end: 57 } }
  add[u32] %0 %0 %1
  ^^^ Token { kind: KeywordAdd, span: Span { row_start: 5, row_end: 5, col_start: 2, col_end: 5, byte_start: 59, byte_end: 62 } }
     ^ Token { kind: LeftBracket, span: Span { row_start: 5, row_end: 5, col_start: 5, col_end: 6, byte_start: 62, byte_end: 63 } }
      ^^^ Token { kind: Identifier("u32"), span: Span { row_start: 5, row_end: 5, col_start: 6, col_end: 9, byte_start: 63, byte_end: 66 } }
         ^ Token { kind: RightBracket, span: Span { row_start: 5, row_end: 5, col_start: 9, col_end: 10, byte_start: 66, byte_end: 67 } }
           ^ Token { kind: PercentSign, span: Span { row_start: 5, row_end: 5, col_start: 11, col_end: 12, byte_start: 68, byte_end: 69 } }
            ^ Token { kind: Number(0), span: Span { row_start: 5, row_end: 5, col_start: 12, col_end: 13, byte_start: 69, byte_end: 70 } }
              ^ Token { kind: PercentSign, span: Span { row_start: 5, row_end: 5, col_start: 14, col_end: 15, byte_start: 71, byte_end: 72 } }
               ^ Token { kind: Number(0), span: Span { row_start: 5, row_end: 5, col_start: 15, col_end: 16, byte_start: 72, byte_end: 73 } }
                 ^ Token { kind: PercentSign, span: Span { row_start: 5, row_end: 5, col_start: 17, col_end: 18, byte_start: 74, byte_end: 75 } }
                  ^ Token { kind: Number(1), span: Span { row_start: 5, row_end: 5, col_start: 18, col_end: 19, byte_start: 75, byte_end: 76 } }
                   ^ Token { kind: Delimiter, span: Span { row_start: 5, row_end: 5, col_start: 19, col_end: 20, byte_start: 76, byte_end: 77 } }
  hult
  ^^^^ Token { kind: KeywordHult, span: Span { row_start: 6, row_end: 6, col_start: 2, col_end: 6, byte_start: 79, byte_end: 83 } }
      ^ Token { kind: Delimiter, span: Span { row_start: 6, row_end: 6, col_start: 6, col_end: 7, byte_start: 83, byte_end: 84 } }
