---
source: src/asm/lexer/mod.rs
expression: snapshot_lexing(contents)
---
.entry main
^ Token { kind: Period, span: Span { row_start: 0, row_end: 0, col_start: 0, col_end: 1, byte_start: 0, byte_end: 1 } }
 ^^^^^ Token { kind: Identifier("entry"), span: Span { row_start: 0, row_end: 0, col_start: 1, col_end: 6, byte_start: 1, byte_end: 6 } }
       ^^^^ Token { kind: Identifier("main"), span: Span { row_start: 0, row_end: 0, col_start: 7, col_end: 11, byte_start: 7, byte_end: 11 } }
           ^ Token { kind: Delimiter, span: Span { row_start: 0, row_end: 0, col_start: 11, col_end: 12, byte_start: 11, byte_end: 12 } }

^ Token { kind: Delimiter, span: Span { row_start: 0, row_end: 1, col_start: 0, col_end: 1, byte_start: 12, byte_end: 13 } }
loadint %0 123
^^^^^^^ Token { kind: KeywordLoadInt, span: Span { row_start: 1, row_end: 2, col_start: 0, col_end: 7, byte_start: 13, byte_end: 20 } }
        ^ Token { kind: PercentSign, span: Span { row_start: 2, row_end: 2, col_start: 8, col_end: 9, byte_start: 21, byte_end: 22 } }
         ^ Token { kind: Number(0), span: Span { row_start: 2, row_end: 2, col_start: 9, col_end: 10, byte_start: 22, byte_end: 23 } }
           ^^^ Token { kind: Number(123), span: Span { row_start: 2, row_end: 2, col_start: 11, col_end: 14, byte_start: 24, byte_end: 27 } }
              ^ Token { kind: Delimiter, span: Span { row_start: 2, row_end: 2, col_start: 14, col_end: 15, byte_start: 27, byte_end: 28 } }
loadint %1 321
^^^^^^^ Token { kind: KeywordLoadInt, span: Span { row_start: 2, row_end: 3, col_start: 0, col_end: 7, byte_start: 28, byte_end: 35 } }
        ^ Token { kind: PercentSign, span: Span { row_start: 3, row_end: 3, col_start: 8, col_end: 9, byte_start: 36, byte_end: 37 } }
         ^ Token { kind: Number(1), span: Span { row_start: 3, row_end: 3, col_start: 9, col_end: 10, byte_start: 37, byte_end: 38 } }
           ^^^ Token { kind: Number(321), span: Span { row_start: 3, row_end: 3, col_start: 11, col_end: 14, byte_start: 39, byte_end: 42 } }
              ^ Token { kind: Delimiter, span: Span { row_start: 3, row_end: 3, col_start: 14, col_end: 15, byte_start: 42, byte_end: 43 } }
add %0 %0 %1
^^^ Token { kind: KeywordAdd, span: Span { row_start: 3, row_end: 4, col_start: 0, col_end: 3, byte_start: 43, byte_end: 46 } }
    ^ Token { kind: PercentSign, span: Span { row_start: 4, row_end: 4, col_start: 4, col_end: 5, byte_start: 47, byte_end: 48 } }
     ^ Token { kind: Number(0), span: Span { row_start: 4, row_end: 4, col_start: 5, col_end: 6, byte_start: 48, byte_end: 49 } }
       ^ Token { kind: PercentSign, span: Span { row_start: 4, row_end: 4, col_start: 7, col_end: 8, byte_start: 50, byte_end: 51 } }
        ^ Token { kind: Number(0), span: Span { row_start: 4, row_end: 4, col_start: 8, col_end: 9, byte_start: 51, byte_end: 52 } }
          ^ Token { kind: PercentSign, span: Span { row_start: 4, row_end: 4, col_start: 10, col_end: 11, byte_start: 53, byte_end: 54 } }
           ^ Token { kind: Number(1), span: Span { row_start: 4, row_end: 4, col_start: 11, col_end: 12, byte_start: 54, byte_end: 55 } }
            ^ Token { kind: Delimiter, span: Span { row_start: 4, row_end: 4, col_start: 12, col_end: 13, byte_start: 55, byte_end: 56 } }
hult
^^^^ Token { kind: KeywordHult, span: Span { row_start: 4, row_end: 5, col_start: 0, col_end: 4, byte_start: 56, byte_end: 60 } }
    ^ Token { kind: Delimiter, span: Span { row_start: 5, row_end: 5, col_start: 4, col_end: 5, byte_start: 60, byte_end: 61 } }
